Read	.target.size "/etc/install.inf" -1
Read	.probe.architecture nil
Read	.probe.has_apm nil
Read	.probe.has_pcmcia nil
Read	.probe.has_smp nil
Read	.probe.system nil
Return	true
Return	true
Return	false
Return	true
