Dump	["# uniq.key:Unknown card\n"]
Dump	["# uniq.key:Test TV Card\n"]
Dump	["# dn0t.+xOL8ZCSAQC:Unknown card\n"]
Dump	["# nd54sdde8d25cv45:My TV Card\n"]
