Read	.target.size "/etc/install.inf" nil
Read	.etc.install_inf.Sourcemounted nil
Read	.etc.install_inf.AutoYaST nil
Read	.etc.install_inf.Demo nil
Read	.etc.install_inf.Textmode nil
Read	.etc.install_inf.Manual nil
Read	.etc.install_inf.Console nil
Read	.etc.install_inf.Braille nil
Read	.etc.install_inf.VNC nil
Read	.etc.install_inf.Locale nil
Read	.etc.install_inf.Instmode nil
Read	.probe.architecture nil
Read	.probe.has_apm nil
Read	.probe.has_pcmcia nil
Read	.probe.has_smp nil
Read	.probe.system []
Dump	[]
Dump	[]
Dump	[$["module":"bttv", "parameters":$["param1":"testvalue"], "sound_card_no":0, "unique_key":"hluk.HvsIesmXXX1"]]
Dump	[$["module":"bttv", "parameters":$["param1":"testvalue"], "sound_card_no":0, "unique_key":"hluk.HvsIesmXXX1"], $["module":"bttv", "parameters":$["par_other":"testvalue2"], "sound_card_no":1, "unique_key":"j7F3.J8dhgs34fK2"]]
Dump	[$["module":"bttv", "parameters":$["param1":"testvalue"], "sound_card_no":0, "unique_key":"hluk.HvsIesmXXX1"], nil, nil, $["module":"xyz", "parameters":$["par_other":"testvalue2"], "sound_card_no":1, "unique_key":"j7F3.J8dhgs34fK2"]]
Dump	[]
Dump	[]
Dump	[$["module":"bttv", "parameters":$["param1":"testvalue"], "sound_card_no":0, "unique_key":"hluk.HvsIesmXXX1"]]
Dump	[$["module":"bttv", "parameters":$["param1":"testvalue"], "sound_card_no":0, "unique_key":"hluk.HvsIesmXXX1"], $["module":"bttv", "parameters":$["par_other":"testvalue2"], "sound_card_no":1, "unique_key":"j7F3.J8dhgs34fK2"]]
Dump	[$["module":"bttv", "parameters":$["param1":"testvalue"], "sound_card_no":0, "unique_key":"hluk.HvsIesmXXX1"], nil, nil, $["module":"xyz", "parameters":$["par_other":"testvalue2"], "sound_card_no":1, "unique_key":"j7F3.J8dhgs34fK2"]]
Dump	[]
Dump	[]
Dump	[nil]
Dump	[nil, $["module":"bttv", "parameters":$["par_other":"testvalue2"], "sound_card_no":1, "unique_key":"j7F3.J8dhgs34fK2"]]
Dump	[nil, nil, nil, $["module":"xyz", "parameters":$["par_other":"testvalue2"], "sound_card_no":1, "unique_key":"j7F3.J8dhgs34fK2"]]
Dump	[]
Dump	[]
Dump	[$["module":"bttv", "parameters":$["param1":"testvalue"], "sound_card_no":0, "unique_key":"hluk.HvsIesmXXX1"]]
Dump	[$["module":"bttv", "parameters":$["param1":"testvalue"], "sound_card_no":0, "unique_key":"hluk.HvsIesmXXX1"], nil]
Dump	[$["module":"bttv", "parameters":$["param1":"testvalue"], "sound_card_no":0, "unique_key":"hluk.HvsIesmXXX1"], nil, nil, $["module":"xyz", "parameters":$["par_other":"testvalue2"], "sound_card_no":1, "unique_key":"j7F3.J8dhgs34fK2"]]
Dump	[]
Dump	[]
Dump	[$["module":"bttv", "parameters":$["param1":"testvalue"], "sound_card_no":0, "unique_key":"hluk.HvsIesmXXX1"]]
Dump	[$["module":"bttv", "parameters":$["param1":"testvalue"], "sound_card_no":0, "unique_key":"hluk.HvsIesmXXX1"], $["module":"bttv", "parameters":$["par_other":"testvalue2"], "sound_card_no":1, "unique_key":"j7F3.J8dhgs34fK2"]]
Dump	[$["module":"bttv", "parameters":$["param1":"testvalue"], "sound_card_no":0, "unique_key":"hluk.HvsIesmXXX1"], nil, nil, nil]
