Read	.target.size "/etc/install.inf" nil
Read	.etc.install_inf.Sourcemounted nil
Read	.etc.install_inf.AutoYaST nil
Read	.etc.install_inf.Demo nil
Read	.etc.install_inf.Textmode nil
Read	.etc.install_inf.Manual nil
Read	.etc.install_inf.Console nil
Read	.etc.install_inf.Braille nil
Read	.etc.install_inf.VNC nil
Read	.etc.install_inf.UseSSH nil
Read	.etc.install_inf.Locale nil
Read	.etc.install_inf.InstMode nil
Read	.probe.architecture nil
Read	.probe.has_apm nil
Read	.probe.has_pcmcia nil
Read	.probe.has_smp nil
Read	.probe.system []
Dump	nil
Dump	nil
Dump	nil
Dump	nil
Dump	nil
Dump	nil
Dump	nil
Dump	nil
Dump	nil
Dump	nil
Dump	nil
Dump	nil
Dump	$["module":"bttv", "parameters":$["param1":"testvalue"], "sound_card_no":0, "unique_key":"hluk.HvsIesmXXX1"]
Dump	$["module":"bttv", "parameters":$["param1":"testvalue"], "sound_card_no":0, "unique_key":"hluk.HvsIesmXXX1"]
Dump	$["module":"bttv", "parameters":$["param1":"testvalue"], "sound_card_no":0, "unique_key":"hluk.HvsIesmXXX1"]
Dump	nil
Dump	nil
Dump	nil
Dump	$["module":"bttv", "parameters":$["par_other":"testvalue2"], "sound_card_no":1, "unique_key":"j7F3.J8dhgs34fK2"]
Dump	nil
Dump	nil
Dump	nil
Dump	nil
Dump	nil
Dump	$["module":"xyz", "parameters":$["par_other":"testvalue2"], "sound_card_no":1, "unique_key":"j7F3.J8dhgs34fK2"]
