Read	.target.size "/etc/install.inf" nil
Read	.etc.install_inf.Sourcemounted nil
Read	.etc.install_inf.AutoYaST nil
Read	.etc.install_inf.Demo nil
Read	.etc.install_inf.Textmode nil
Read	.etc.install_inf.Manual nil
Read	.etc.install_inf.Console nil
Read	.etc.install_inf.Braille nil
Read	.etc.install_inf.VNC nil
Read	.etc.install_inf.Locale nil
Read	.etc.install_inf.InstMode nil
Read	.probe.architecture nil
Read	.probe.has_apm nil
Read	.probe.has_pcmcia nil
Read	.probe.has_smp nil
Read	.probe.system []
Dump	---------------
Dump	[]
Dump	[]
Dump	[]
Dump	---------------
Dump	[]
Dump	[]
Dump	[]
Dump	---------------
Dump	[$["name":"my autodetected card"]]
Dump	[$["name":"my autodetected card"]]
Dump	[$["name":"my autodetected card"]]
Dump	---------------
Dump	[]
Dump	[]
Dump	[$["module":"bttv", "name":"Unknown bttv card", "parameters":$["card":"0"]], $["module":"bttv", "name":"TView99 CPH06X", "parameters":$["card":"38"]]]
Dump	---------------
Dump	[]
Dump	[]
Dump	[$["module":"bttv", "name":"ATI TV-Wonder VE", "parameters":$["card":"64"]]]
