Read	.target.size "/etc/install.inf" -1
Read	.target.tmpdir "/tmp"
Read	.probe.architecture nil
Read	.probe.has_apm nil
Read	.probe.has_pcmcia nil
Read	.probe.has_smp nil
Read	.probe.system nil
Dump	[]
Dump	[]
Dump	["hluk.HvsIesmXXX1"]
Dump	["hluk.HvsIesmXXX1", "j7F3.J8dhgs34fK2"]
