Read	.target.ycp ["/var/lib/YaST2/installmap.ycp", $[]] $[]
Read	.probe.architecture nil
Read	.probe.has_apm nil
Read	.probe.has_pcmcia nil
Read	.probe.has_smp nil
Read	.probe.system []
Dump	[]
Dump	[]
Dump	[$["module":"bttv", "parameters":$["param1":"testvalue"], "sound_card_no":0, "unique_key":"hluk.HvsIesmXXX1"]]
Dump	[$["module":"bttv", "parameters":$["param1":"testvalue"], "sound_card_no":0, "unique_key":"hluk.HvsIesmXXX1"], $["module":"bttv", "parameters":$["par_other":"testvalue2"], "sound_card_no":1, "unique_key":"j7F3.J8dhgs34fK2"]]
Dump	[$["module":"bttv", "parameters":$["param1":"testvalue"], "sound_card_no":0, "unique_key":"hluk.HvsIesmXXX1"], nil, nil, $["module":"xyz", "parameters":$["par_other":"testvalue2"], "sound_card_no":1, "unique_key":"j7F3.J8dhgs34fK2"]]
Dump	[]
Dump	[]
Dump	[$["module":"bttv", "parameters":$["param1":"testvalue"], "sound_card_no":0, "unique_key":"hluk.HvsIesmXXX1"]]
Dump	[$["module":"bttv", "parameters":$["param1":"testvalue"], "sound_card_no":0, "unique_key":"hluk.HvsIesmXXX1"], $["module":"bttv", "parameters":$["par_other":"testvalue2"], "sound_card_no":1, "unique_key":"j7F3.J8dhgs34fK2"]]
Dump	[$["module":"bttv", "parameters":$["param1":"testvalue"], "sound_card_no":0, "unique_key":"hluk.HvsIesmXXX1"], nil, nil, $["module":"xyz", "parameters":$["par_other":"testvalue2"], "sound_card_no":1, "unique_key":"j7F3.J8dhgs34fK2"]]
Dump	[]
Dump	[]
Dump	[$["module":"bttv", "parameters":$["param1":"testvalue"], "sound_card_no":0, "unique_key":"hluk.HvsIesmXXX1"]]
Dump	[$["module":"bttv", "parameters":$["param1":"testvalue"], "sound_card_no":0, "unique_key":"hluk.HvsIesmXXX1"], $["module":"bttv", "parameters":$["par_other":"testvalue2"], "sound_card_no":1, "unique_key":"j7F3.J8dhgs34fK2"]]
Dump	[$["module":"bttv", "parameters":$["param1":"testvalue"], "sound_card_no":0, "unique_key":"hluk.HvsIesmXXX1"], nil, nil, $["module":"xyz", "parameters":$["par_other":"testvalue2"], "sound_card_no":1, "unique_key":"j7F3.J8dhgs34fK2"]]
Dump	[]
Dump	[]
Dump	[$["module":"bttv", "parameters":$["param1":"testvalue"], "sound_card_no":0, "unique_key":"hluk.HvsIesmXXX1"]]
Dump	[$["module":"bttv", "parameters":$["param1":"testvalue"], "sound_card_no":0, "unique_key":"hluk.HvsIesmXXX1"], $["module":"bttv", "parameters":$["par_other":"testvalue2"], "sound_card_no":1, "unique_key":"j7F3.J8dhgs34fK2"]]
Dump	[$["module":"bttv", "parameters":$["param1":"testvalue"], "sound_card_no":0, "unique_key":"hluk.HvsIesmXXX1"], nil, nil, $["module":"xyz", "parameters":$["par_other":"testvalue2"], "sound_card_no":1, "unique_key":"j7F3.J8dhgs34fK2"]]
Dump	[]
Dump	[]
Dump	[$["module":"bttv", "parameters":$["param1":"testvalue"], "sound_card_no":0, "unique_key":"hluk.HvsIesmXXX1"]]
Dump	[$["module":"bttv", "parameters":$["param1":"testvalue"], "sound_card_no":0, "unique_key":"hluk.HvsIesmXXX1"], $["module":"bttv", "parameters":$["par_other":"testvalue2"], "sound_card_no":1, "unique_key":"j7F3.J8dhgs34fK2"]]
Dump	[$["module":"bttv", "parameters":$["param1":"testvalue"], "sound_card_no":0, "unique_key":"hluk.HvsIesmXXX1"], nil, nil, $["module":"xyz", "parameters":$["par_other":"testvalue2"], "sound_card_no":1, "unique_key":"j7F3.J8dhgs34fK2"]]
Dump	[]
Dump	[]
Dump	[$["module":"bttv", "parameters":$["param1":"testvalue"], "sound_card_no":0, "unique_key":"hluk.HvsIesmXXX1"]]
Dump	[$["module":"bttv", "parameters":$["param1":"testvalue"], "sound_card_no":0, "unique_key":"hluk.HvsIesmXXX1"], $["module":"bttv", "parameters":$["par_other":"testvalue2"], "sound_card_no":1, "unique_key":"j7F3.J8dhgs34fK2"]]
Dump	[$["module":"bttv", "parameters":$["param1":"testvalue"], "sound_card_no":0, "unique_key":"hluk.HvsIesmXXX1"], nil, nil, $["module":"xyz", "parameters":$["par_other":"testvalue2"], "sound_card_no":1, "unique_key":"j7F3.J8dhgs34fK2"]]
Dump	[]
Dump	[]
Dump	[nil]
Dump	[nil, $["module":"bttv", "parameters":$["par_other":"testvalue2"], "sound_card_no":1, "unique_key":"j7F3.J8dhgs34fK2"]]
Dump	[nil, nil, nil, $["module":"xyz", "parameters":$["par_other":"testvalue2"], "sound_card_no":1, "unique_key":"j7F3.J8dhgs34fK2"]]
Dump	[]
Dump	[]
Dump	[$[]]
Dump	[$[], $["module":"bttv", "parameters":$["par_other":"testvalue2"], "sound_card_no":1, "unique_key":"j7F3.J8dhgs34fK2"]]
Dump	[$[], nil, nil, $["module":"xyz", "parameters":$["par_other":"testvalue2"], "sound_card_no":1, "unique_key":"j7F3.J8dhgs34fK2"]]
Dump	[]
Dump	[]
Dump	[$["module":"abc", "parameters":$["par_par":"val_val"], "sound_card_no":5, "unique_key":"abc.uniq_key"]]
Dump	[$["module":"abc", "parameters":$["par_par":"val_val"], "sound_card_no":5, "unique_key":"abc.uniq_key"], $["module":"bttv", "parameters":$["par_other":"testvalue2"], "sound_card_no":1, "unique_key":"j7F3.J8dhgs34fK2"]]
Dump	[$["module":"abc", "parameters":$["par_par":"val_val"], "sound_card_no":5, "unique_key":"abc.uniq_key"], nil, nil, $["module":"xyz", "parameters":$["par_other":"testvalue2"], "sound_card_no":1, "unique_key":"j7F3.J8dhgs34fK2"]]
Dump	[]
Dump	[]
Dump	[$["module":"bttv", "parameters":$["param1":"testvalue"], "sound_card_no":0, "unique_key":"hluk.HvsIesmXXX1"]]
Dump	[$["module":"bttv", "parameters":$["param1":"testvalue"], "sound_card_no":0, "unique_key":"hluk.HvsIesmXXX1"], nil]
Dump	[$["module":"bttv", "parameters":$["param1":"testvalue"], "sound_card_no":0, "unique_key":"hluk.HvsIesmXXX1"], nil, nil, $["module":"xyz", "parameters":$["par_other":"testvalue2"], "sound_card_no":1, "unique_key":"j7F3.J8dhgs34fK2"]]
Dump	[]
Dump	[]
Dump	[$["module":"bttv", "parameters":$["param1":"testvalue"], "sound_card_no":0, "unique_key":"hluk.HvsIesmXXX1"]]
Dump	[$["module":"bttv", "parameters":$["param1":"testvalue"], "sound_card_no":0, "unique_key":"hluk.HvsIesmXXX1"], $[]]
Dump	[$["module":"bttv", "parameters":$["param1":"testvalue"], "sound_card_no":0, "unique_key":"hluk.HvsIesmXXX1"], $[], nil, $["module":"xyz", "parameters":$["par_other":"testvalue2"], "sound_card_no":1, "unique_key":"j7F3.J8dhgs34fK2"]]
Dump	[]
Dump	[]
Dump	[$["module":"bttv", "parameters":$["param1":"testvalue"], "sound_card_no":0, "unique_key":"hluk.HvsIesmXXX1"]]
Dump	[$["module":"bttv", "parameters":$["param1":"testvalue"], "sound_card_no":0, "unique_key":"hluk.HvsIesmXXX1"], $["module":"abc", "parameters":$["par_par":"val_val"], "sound_card_no":5, "unique_key":"abc.uniq_key"]]
Dump	[$["module":"bttv", "parameters":$["param1":"testvalue"], "sound_card_no":0, "unique_key":"hluk.HvsIesmXXX1"], $["module":"abc", "parameters":$["par_par":"val_val"], "sound_card_no":5, "unique_key":"abc.uniq_key"], nil, $["module":"xyz", "parameters":$["par_other":"testvalue2"], "sound_card_no":1, "unique_key":"j7F3.J8dhgs34fK2"]]
Dump	[]
Dump	[]
Dump	[$["module":"bttv", "parameters":$["param1":"testvalue"], "sound_card_no":0, "unique_key":"hluk.HvsIesmXXX1"]]
Dump	[$["module":"bttv", "parameters":$["param1":"testvalue"], "sound_card_no":0, "unique_key":"hluk.HvsIesmXXX1"], $["module":"bttv", "parameters":$["par_other":"testvalue2"], "sound_card_no":1, "unique_key":"j7F3.J8dhgs34fK2"]]
Dump	[$["module":"bttv", "parameters":$["param1":"testvalue"], "sound_card_no":0, "unique_key":"hluk.HvsIesmXXX1"], nil, nil, nil]
Dump	[]
Dump	[]
Dump	[$["module":"bttv", "parameters":$["param1":"testvalue"], "sound_card_no":0, "unique_key":"hluk.HvsIesmXXX1"]]
Dump	[$["module":"bttv", "parameters":$["param1":"testvalue"], "sound_card_no":0, "unique_key":"hluk.HvsIesmXXX1"], $["module":"bttv", "parameters":$["par_other":"testvalue2"], "sound_card_no":1, "unique_key":"j7F3.J8dhgs34fK2"]]
Dump	[$["module":"bttv", "parameters":$["param1":"testvalue"], "sound_card_no":0, "unique_key":"hluk.HvsIesmXXX1"], nil, nil, $[]]
Dump	[]
Dump	[]
Dump	[$["module":"bttv", "parameters":$["param1":"testvalue"], "sound_card_no":0, "unique_key":"hluk.HvsIesmXXX1"]]
Dump	[$["module":"bttv", "parameters":$["param1":"testvalue"], "sound_card_no":0, "unique_key":"hluk.HvsIesmXXX1"], $["module":"bttv", "parameters":$["par_other":"testvalue2"], "sound_card_no":1, "unique_key":"j7F3.J8dhgs34fK2"]]
Dump	[$["module":"bttv", "parameters":$["param1":"testvalue"], "sound_card_no":0, "unique_key":"hluk.HvsIesmXXX1"], nil, nil, $["module":"abc", "parameters":$["par_par":"val_val"], "sound_card_no":5, "unique_key":"abc.uniq_key"]]
