Read	.target.size "/etc/install.inf" -1
Read	.target.tmpdir "/tmp"
Read	.probe.architecture nil
Read	.probe.has_apm nil
Read	.probe.has_pcmcia nil
Read	.probe.has_smp nil
Read	.probe.system nil
Read	.probe.tv []
Return	true
Dump	[]
Read	.probe.tv [$["drivers":[$["modules":[]]], "sub_device":"jmeno prvni", "unique_key":"klic"], $["device":"jmeno druhe", "drivers":[$["modules":[["bttv"]]]], "unique_key":"123xyz"]]
Return	true
Dump	[$["name":"jmeno prvni", "unique_key":"klic"], $["module":"bttv", "name":"jmeno druhe", "unique_key":"123xyz"]]
