Read	.target.size "/etc/install.inf" nil
Read	.etc.install_inf.Sourcemounted nil
Read	.etc.install_inf.AutoYaST nil
Read	.etc.install_inf.Demo nil
Read	.etc.install_inf.Textmode nil
Read	.etc.install_inf.Manual nil
Read	.etc.install_inf.Console nil
Read	.etc.install_inf.Braille nil
Read	.etc.install_inf.VNC nil
Read	.etc.install_inf.UseSSH nil
Read	.etc.install_inf.Locale nil
Read	.etc.install_inf.InstMode nil
Read	.probe.architecture nil
Read	.probe.has_apm nil
Read	.probe.has_pcmcia nil
Read	.probe.has_smp nil
Read	.probe.system []
Dump	---------------
Dump	[`item (`id (-1), "Other (not detected)", true)]
Dump	[`item (`id (-1), "Other (not detected)", true)]
Dump	[`item (`id (-1), "Other (not detected)", true)]
Dump	[`item (`id (-1), "Other (not detected)", true)]
Dump	---------------
Dump	[`item (`id (0), "First detected card", true), `item (`id (-1), "Other (not detected)", false)]
Dump	[`item (`id (0), "First detected card", true), `item (`id (-1), "Other (not detected)", false)]
Dump	[`item (`id (-1), "Other (not detected)", true)]
Dump	[`item (`id (-1), "Other (not detected)", true)]
Dump	---------------
Dump	[`item (`id (0), "My TV_card", true), `item (`id (1), "Some other detected card", false), `item (`id (-1), "Other (not detected)", false)]
Dump	[`item (`id (0), "My TV_card", true), `item (`id (1), "Some other detected card", false), `item (`id (-1), "Other (not detected)", false)]
Dump	[`item (`id (0), "My TV_card", true), `item (`id (1), "Some other detected card", false), `item (`id (-1), "Other (not detected)", false)]
Dump	[`item (`id (1), "Some other detected card", true), `item (`id (-1), "Other (not detected)", false)]
