Read	.target.size "/etc/install.inf" nil
Read	.etc.install_inf.Sourcemounted nil
Read	.etc.install_inf.AutoYaST nil
Read	.etc.install_inf.Demo nil
Read	.etc.install_inf.Textmode nil
Read	.etc.install_inf.Manual nil
Read	.etc.install_inf.Console nil
Read	.etc.install_inf.Braille nil
Read	.etc.install_inf.VNC nil
Read	.etc.install_inf.Locale nil
Read	.etc.install_inf.Instmode nil
Read	.probe.architecture nil
Read	.probe.has_apm nil
Read	.probe.has_pcmcia nil
Read	.probe.has_smp nil
Read	.probe.system []
Dump	---------------
Dump	[]
Dump	[`item (`id ("bttv"), "bttv: bttv - v4l driver module for bt848/878 based cards", false), `item (`id ("zoran"), "zoran: Zoran ZR36120 based framegrabber", false)]
Dump	---------------
Dump	[]
Dump	[`item (`id ("bttv"), "bttv: bttv - v4l driver module for bt848/878 based cards", true), `item (`id ("zoran"), "zoran: Zoran ZR36120 based framegrabber", false)]
Dump	---------------
Dump	[]
Dump	[`item (`id ("bttv"), "bttv: bttv - v4l driver module for bt848/878 based cards", false), `item (`id ("zoran"), "zoran: Zoran ZR36120 based framegrabber", true)]
