Read	.target.size "/etc/install.inf" nil
Read	.etc.install_inf.Sourcemounted nil
Read	.etc.install_inf.AutoYaST nil
Read	.etc.install_inf.Demo nil
Read	.etc.install_inf.Textmode nil
Read	.etc.install_inf.Manual nil
Read	.etc.install_inf.Console nil
Read	.etc.install_inf.Braille nil
Read	.etc.install_inf.VNC nil
Read	.etc.install_inf.Locale nil
Read	.etc.install_inf.Instmode nil
Read	.probe.architecture nil
Read	.probe.has_apm nil
Read	.probe.has_pcmcia nil
Read	.probe.has_smp nil
Read	.probe.system []
Dump	---------------
Dump	[]
Dump	[]
Dump	[`item (`id ("tuner"), "tuner", "", "specify installed tuner type")]
Dump	---------------
Dump	[]
Dump	[]
Dump	[`item (`id ("tuner"), "tuner", "1", "specify installed tuner type")]
