Read	.target.size "/etc/install.inf" nil
Read	.etc.install_inf.Sourcemounted nil
Read	.etc.install_inf.AutoYaST nil
Read	.etc.install_inf.Demo nil
Read	.etc.install_inf.Textmode nil
Read	.etc.install_inf.Manual nil
Read	.etc.install_inf.Console nil
Read	.etc.install_inf.Braille nil
Read	.etc.install_inf.VNC nil
Read	.etc.install_inf.Locale nil
Read	.etc.install_inf.Instmode nil
Read	.probe.architecture nil
Read	.probe.has_apm nil
Read	.probe.has_pcmcia nil
Read	.probe.has_smp nil
Read	.probe.system []
Dir	.modinfo.kernel.drivers.media.video: []
Return	true
Dump	$[]
Dir	.modinfo.kernel.drivers.media.video: ["bttv", "zoran"]
Read	.modinfo.kernel.drivers.media.video."bttv" $["module_description":"bttv - v4l driver module for bt848/878 based cards", "module_filename":"/lib/modules/2.4.4-4GB/kernel/drivers/media/video/bttv.o", "tuner":"specify installed tuner type"]
Read	.modinfo.kernel.drivers.media.video."zoran" $["module_description":"Zoran ZR36120 based framegrabber", "module_filename":"/lib/modules/2.4.4-4GB/kernel/drivers/media/video/zoran.o"]
Return	true
Dump	$["bttv":$["module_description":"bttv - v4l driver module for bt848/878 based cards", "module_filename":"/lib/modules/2.4.4-4GB/kernel/drivers/media/video/bttv.o", "tuner":"specify installed tuner type"], "zoran":$["module_description":"Zoran ZR36120 based framegrabber", "module_filename":"/lib/modules/2.4.4-4GB/kernel/drivers/media/video/zoran.o"]]
