Read	.target.size "/etc/install.inf" nil
Read	.etc.install_inf.Sourcemounted nil
Read	.etc.install_inf.AutoYaST nil
Read	.etc.install_inf.Demo nil
Read	.etc.install_inf.Textmode nil
Read	.etc.install_inf.Manual nil
Read	.etc.install_inf.Console nil
Read	.etc.install_inf.Braille nil
Read	.etc.install_inf.VNC nil
Read	.etc.install_inf.Locale nil
Read	.etc.install_inf.Instmode nil
Read	.probe.architecture nil
Read	.probe.has_apm nil
Read	.probe.has_pcmcia nil
Read	.probe.has_smp nil
Read	.probe.system []
Read	.target.yast2 "tv_tuners.ycp" $[]
Return	true
Return	true
Read	.target.yast2 "tv_tuners.ycp" $["bttv":[$["name":"No tuner", "parameters":$["tuner":"4"]], $["name":"Alps HSBH1", "parameters":$["tuner":"9"]]]]
Return	true
