Read	.target.size "/etc/install.inf" nil
Read	.etc.install_inf.Sourcemounted nil
Read	.etc.install_inf.AutoYaST nil
Read	.etc.install_inf.Demo nil
Read	.etc.install_inf.Textmode nil
Read	.etc.install_inf.Manual nil
Read	.etc.install_inf.Console nil
Read	.etc.install_inf.Braille nil
Read	.etc.install_inf.VNC nil
Read	.etc.install_inf.UseSSH nil
Read	.etc.install_inf.Locale nil
Read	.etc.install_inf.InstMode nil
Read	.probe.architecture nil
Read	.probe.has_apm nil
Read	.probe.has_pcmcia nil
Read	.probe.has_smp nil
Read	.probe.system []
Dir	.modules.options: []
Return	$[]
Dir	.modules.options: []
Return	$[]
Dir	.modules.options: ["bttv"]
Read	.modules.options."bttv" $["card":"2", "tuner":"5"]
Return	$["card":$[0:"2"], "tuner":$[0:"5"]]
Dir	.modules.options: ["bttv"]
Read	.modules.options."bttv" $["blah":",y,", "card":",,3", "tuner":"a,b,c"]
Return	$["blah":$[0:"", 1:"y", 2:""], "card":$[0:"", 1:"", 2:"3"], "tuner":$[0:"a", 1:"b", 2:"c"]]
