Read	.target.size "/etc/install.inf" -1
Read	.target.tmpdir "/tmp"
Read	.probe.architecture nil
Read	.probe.has_apm nil
Read	.probe.has_pcmcia nil
Read	.probe.has_smp nil
Read	.probe.system nil
Dump	$[]
Dump	$[]
Dump	$["name":"Alps HSBH1", "parameters":$["tuner":"9"]]
Dump	$[]
