Read	.var.lib.yast.unique nil
Return	[]
Read	.var.lib.yast.unique [$["contents":[$["state":"configured;0", "unique":"j4n8.dny4jt7n78C"]], "section":"network"]]
Return	[]
Read	.var.lib.yast.unique [$["contents":[$["state":"configured;0", "unique":"ooo.ppp"], $["state":"configured", "unique":"xyz.12345678"]], "section":"network"], $["contents":[$["state":"configured", "unique":"j4n8.dny4jt7n78C"]], "section":"tv"]]
Return	[$["state":"configured", "unique":"j4n8.dny4jt7n78C"]]
Read	.var.lib.yast.unique [$["contents":[$["state":"configured;0", "unique":"ooo.ppp"]], "section":"network"], $["contents":[$["state":"configured", "unique":"j4n8.dny4jt7n78C"], $["state":"configured", "unique":"xyz.12345678"]], "section":"tv"]]
Return	[$["state":"configured", "unique":"j4n8.dny4jt7n78C"], $["state":"configured", "unique":"xyz.12345678"]]
