Read	.var.lib.yast.unique nil
Write	.var.lib.yast.unique [] true
Return	true
Read	.var.lib.yast.unique nil
Write	.var.lib.yast.unique [] true
Return	true
Read	.var.lib.yast.unique nil
Write	.var.lib.yast.unique [$["contents":[$["state":"configured", "unique":"xyz.dny4jt7n78C"]], "section":"tv"]] true
Return	true
Read	.var.lib.yast.unique nil
Write	.var.lib.yast.unique [$["contents":[$["state":"configured", "unique":"xyz.dny4jt7n78C"], $["state":"configured", "unique":"abc.G8Gj79JK4ft"]], "section":"tv"]] true
Return	true
Read	.var.lib.yast.unique [$["contents":[$["state":"configured", "unique":"dn0t.+xOL8ZCSAQC"]], "section":"network"]]
Write	.var.lib.yast.unique [$["contents":[$["state":"configured", "unique":"dn0t.+xOL8ZCSAQC"]], "section":"network"]] true
Return	true
Read	.var.lib.yast.unique [$["contents":[$["state":"configured", "unique":"dn0t.+xOL8ZCSAQC"]], "section":"network"]]
Write	.var.lib.yast.unique [$["contents":[$["state":"configured", "unique":"dn0t.+xOL8ZCSAQC"]], "section":"network"]] true
Return	true
Read	.var.lib.yast.unique [$["contents":[$["state":"configured", "unique":"dn0t.+xOL8ZCSAQC"]], "section":"network"]]
Write	.var.lib.yast.unique [$["contents":[$["state":"configured", "unique":"dn0t.+xOL8ZCSAQC"]], "section":"network"], $["contents":[$["state":"configured", "unique":"xyz.dny4jt7n78C"]], "section":"tv"]] true
Return	true
Read	.var.lib.yast.unique [$["contents":[$["state":"configured", "unique":"dn0t.+xOL8ZCSAQC"]], "section":"network"]]
Write	.var.lib.yast.unique [$["contents":[$["state":"configured", "unique":"dn0t.+xOL8ZCSAQC"]], "section":"network"], $["contents":[$["state":"configured", "unique":"xyz.dny4jt7n78C"], $["state":"configured", "unique":"abc.G8Gj79JK4ft"]], "section":"tv"]] true
Return	true
Read	.var.lib.yast.unique [$["contents":[$["state":"configured", "unique":"j4n8.dny4jt7n78C"]], "section":"tv"]]
Write	.var.lib.yast.unique [] true
Return	true
Read	.var.lib.yast.unique [$["contents":[$["state":"configured", "unique":"j4n8.dny4jt7n78C"]], "section":"tv"]]
Write	.var.lib.yast.unique [] true
Return	true
Read	.var.lib.yast.unique [$["contents":[$["state":"configured", "unique":"j4n8.dny4jt7n78C"]], "section":"tv"]]
Write	.var.lib.yast.unique [$["contents":[$["state":"configured", "unique":"xyz.dny4jt7n78C"]], "section":"tv"]] true
Return	true
Read	.var.lib.yast.unique [$["contents":[$["state":"configured", "unique":"j4n8.dny4jt7n78C"]], "section":"tv"]]
Write	.var.lib.yast.unique [$["contents":[$["state":"configured", "unique":"xyz.dny4jt7n78C"], $["state":"configured", "unique":"abc.G8Gj79JK4ft"]], "section":"tv"]] true
Return	true
Read	.var.lib.yast.unique [$["contents":[$["state":"configured", "unique":"j4n8.dny4jt7n78C"]], "section":"tv"], $["contents":[$["state":"configured;0", "unique":"h39g.d0486b39HD9"]], "section":"network"]]
Write	.var.lib.yast.unique [$["contents":[$["state":"configured;0", "unique":"h39g.d0486b39HD9"]], "section":"network"]] true
Return	true
Read	.var.lib.yast.unique [$["contents":[$["state":"configured", "unique":"j4n8.dny4jt7n78C"]], "section":"tv"], $["contents":[$["state":"configured;0", "unique":"h39g.d0486b39HD9"]], "section":"network"]]
Write	.var.lib.yast.unique [$["contents":[$["state":"configured;0", "unique":"h39g.d0486b39HD9"]], "section":"network"]] true
Return	true
Read	.var.lib.yast.unique [$["contents":[$["state":"configured", "unique":"j4n8.dny4jt7n78C"]], "section":"tv"], $["contents":[$["state":"configured;0", "unique":"h39g.d0486b39HD9"]], "section":"network"]]
Write	.var.lib.yast.unique [$["contents":[$["state":"configured;0", "unique":"h39g.d0486b39HD9"]], "section":"network"], $["contents":[$["state":"configured", "unique":"xyz.dny4jt7n78C"]], "section":"tv"]] true
Return	true
Read	.var.lib.yast.unique [$["contents":[$["state":"configured", "unique":"j4n8.dny4jt7n78C"]], "section":"tv"], $["contents":[$["state":"configured;0", "unique":"h39g.d0486b39HD9"]], "section":"network"]]
Write	.var.lib.yast.unique [$["contents":[$["state":"configured;0", "unique":"h39g.d0486b39HD9"]], "section":"network"], $["contents":[$["state":"configured", "unique":"xyz.dny4jt7n78C"], $["state":"configured", "unique":"abc.G8Gj79JK4ft"]], "section":"tv"]] true
Return	true
Read	.var.lib.yast.unique nil
Write	.var.lib.yast.unique [] false
Log	Unable to write unique.inf: []
Return	false
Read	.var.lib.yast.unique nil
Write	.var.lib.yast.unique [] false
Log	Unable to write unique.inf: []
Return	false
Read	.var.lib.yast.unique nil
Write	.var.lib.yast.unique [$["contents":[$["state":"configured", "unique":"xyz.dny4jt7n78C"]], "section":"tv"]] false
Log	Unable to write unique.inf: [$["contents":[$["state":"configured", "unique":"xyz.dny4jt7n78C"]], "section":"tv"]]
Return	false
Read	.var.lib.yast.unique nil
Write	.var.lib.yast.unique [$["contents":[$["state":"configured", "unique":"xyz.dny4jt7n78C"], $["state":"configured", "unique":"abc.G8Gj79JK4ft"]], "section":"tv"]] false
Log	Unable to write unique.inf: [$["contents":[$["state":"configured", "unique":"xyz.dny4jt7n78C"], $["state":"configured", "unique":"abc.G8Gj79JK4ft"]], "section":"tv"]]
Return	false
Read	.var.lib.yast.unique [$["contents":[$["state":"configured", "unique":"dn0t.+xOL8ZCSAQC"]], "section":"network"]]
Write	.var.lib.yast.unique [$["contents":[$["state":"configured", "unique":"dn0t.+xOL8ZCSAQC"]], "section":"network"]] false
Log	Unable to write unique.inf: [$["contents":[$["state":"configured", "unique":"dn0t.+xOL8ZCSAQC"]], "section":"network"]]
Return	false
Read	.var.lib.yast.unique [$["contents":[$["state":"configured", "unique":"dn0t.+xOL8ZCSAQC"]], "section":"network"]]
Write	.var.lib.yast.unique [$["contents":[$["state":"configured", "unique":"dn0t.+xOL8ZCSAQC"]], "section":"network"]] false
Log	Unable to write unique.inf: [$["contents":[$["state":"configured", "unique":"dn0t.+xOL8ZCSAQC"]], "section":"network"]]
Return	false
Read	.var.lib.yast.unique [$["contents":[$["state":"configured", "unique":"dn0t.+xOL8ZCSAQC"]], "section":"network"]]
Write	.var.lib.yast.unique [$["contents":[$["state":"configured", "unique":"dn0t.+xOL8ZCSAQC"]], "section":"network"], $["contents":[$["state":"configured", "unique":"xyz.dny4jt7n78C"]], "section":"tv"]] false
Log	Unable to write unique.inf: [$["contents":[$["state":"configured", "unique":"dn0t.+xOL8ZCSAQC"]], "section":"network"], $["contents":[$["state":"configured", "unique":"xyz.dny4jt7n78C"]], "section":"tv"]]
Return	false
Read	.var.lib.yast.unique [$["contents":[$["state":"configured", "unique":"dn0t.+xOL8ZCSAQC"]], "section":"network"]]
Write	.var.lib.yast.unique [$["contents":[$["state":"configured", "unique":"dn0t.+xOL8ZCSAQC"]], "section":"network"], $["contents":[$["state":"configured", "unique":"xyz.dny4jt7n78C"], $["state":"configured", "unique":"abc.G8Gj79JK4ft"]], "section":"tv"]] false
Log	Unable to write unique.inf: [$["contents":[$["state":"configured", "unique":"dn0t.+xOL8ZCSAQC"]], "section":"network"], $["contents":[$["state":"configured", "unique":"xyz.dny4jt7n78C"], $["state":"configured", "unique":"abc.G8Gj79JK4ft"]], "section":"tv"]]
Return	false
Read	.var.lib.yast.unique [$["contents":[$["state":"configured", "unique":"j4n8.dny4jt7n78C"]], "section":"tv"]]
Write	.var.lib.yast.unique [] false
Log	Unable to write unique.inf: []
Return	false
Read	.var.lib.yast.unique [$["contents":[$["state":"configured", "unique":"j4n8.dny4jt7n78C"]], "section":"tv"]]
Write	.var.lib.yast.unique [] false
Log	Unable to write unique.inf: []
Return	false
Read	.var.lib.yast.unique [$["contents":[$["state":"configured", "unique":"j4n8.dny4jt7n78C"]], "section":"tv"]]
Write	.var.lib.yast.unique [$["contents":[$["state":"configured", "unique":"xyz.dny4jt7n78C"]], "section":"tv"]] false
Log	Unable to write unique.inf: [$["contents":[$["state":"configured", "unique":"xyz.dny4jt7n78C"]], "section":"tv"]]
Return	false
Read	.var.lib.yast.unique [$["contents":[$["state":"configured", "unique":"j4n8.dny4jt7n78C"]], "section":"tv"]]
Write	.var.lib.yast.unique [$["contents":[$["state":"configured", "unique":"xyz.dny4jt7n78C"], $["state":"configured", "unique":"abc.G8Gj79JK4ft"]], "section":"tv"]] false
Log	Unable to write unique.inf: [$["contents":[$["state":"configured", "unique":"xyz.dny4jt7n78C"], $["state":"configured", "unique":"abc.G8Gj79JK4ft"]], "section":"tv"]]
Return	false
Read	.var.lib.yast.unique [$["contents":[$["state":"configured", "unique":"j4n8.dny4jt7n78C"]], "section":"tv"], $["contents":[$["state":"configured;0", "unique":"h39g.d0486b39HD9"]], "section":"network"]]
Write	.var.lib.yast.unique [$["contents":[$["state":"configured;0", "unique":"h39g.d0486b39HD9"]], "section":"network"]] false
Log	Unable to write unique.inf: [$["contents":[$["state":"configured;0", "unique":"h39g.d0486b39HD9"]], "section":"network"]]
Return	false
Read	.var.lib.yast.unique [$["contents":[$["state":"configured", "unique":"j4n8.dny4jt7n78C"]], "section":"tv"], $["contents":[$["state":"configured;0", "unique":"h39g.d0486b39HD9"]], "section":"network"]]
Write	.var.lib.yast.unique [$["contents":[$["state":"configured;0", "unique":"h39g.d0486b39HD9"]], "section":"network"]] false
Log	Unable to write unique.inf: [$["contents":[$["state":"configured;0", "unique":"h39g.d0486b39HD9"]], "section":"network"]]
Return	false
Read	.var.lib.yast.unique [$["contents":[$["state":"configured", "unique":"j4n8.dny4jt7n78C"]], "section":"tv"], $["contents":[$["state":"configured;0", "unique":"h39g.d0486b39HD9"]], "section":"network"]]
Write	.var.lib.yast.unique [$["contents":[$["state":"configured;0", "unique":"h39g.d0486b39HD9"]], "section":"network"], $["contents":[$["state":"configured", "unique":"xyz.dny4jt7n78C"]], "section":"tv"]] false
Log	Unable to write unique.inf: [$["contents":[$["state":"configured;0", "unique":"h39g.d0486b39HD9"]], "section":"network"], $["contents":[$["state":"configured", "unique":"xyz.dny4jt7n78C"]], "section":"tv"]]
Return	false
Read	.var.lib.yast.unique [$["contents":[$["state":"configured", "unique":"j4n8.dny4jt7n78C"]], "section":"tv"], $["contents":[$["state":"configured;0", "unique":"h39g.d0486b39HD9"]], "section":"network"]]
Write	.var.lib.yast.unique [$["contents":[$["state":"configured;0", "unique":"h39g.d0486b39HD9"]], "section":"network"], $["contents":[$["state":"configured", "unique":"xyz.dny4jt7n78C"], $["state":"configured", "unique":"abc.G8Gj79JK4ft"]], "section":"tv"]] false
Log	Unable to write unique.inf: [$["contents":[$["state":"configured;0", "unique":"h39g.d0486b39HD9"]], "section":"network"], $["contents":[$["state":"configured", "unique":"xyz.dny4jt7n78C"], $["state":"configured", "unique":"abc.G8Gj79JK4ft"]], "section":"tv"]]
Return	false
