Dump	$["name":"", "unique_key":""]
Dump	$["name":"", "unique_key":""]
Dump	$["name":"", "unique_key":""]
Dump	$["name":"Name", "unique_key":""]
Dump	$["name":"", "unique_key":"123.456"]
Dump	$["name":"Some name", "unique_key":""]
Dump	$["name":"This is true", "unique_key":"654.321"]
Dump	$["name":"::Name::with::colons::", "unique_key":"u.k"]
Dump	$["name":"My TV Card", "unique_key":"123.456"]
