Dump	[]
Dump	[]
Dump	["hluk.HvsIesmXXX1"]
Dump	["hluk.HvsIesmXXX1", "j7F3.J8dhgs34fK2"]
