Read	.probe.tv []
Read	.probe.dvb []
Return	true
Dump	[]
Read	.probe.tv [$["drivers":[$["modules":[]]], "sub_device":"jmeno prvni", "unique_key":"klic"], $["device":"jmeno druhe", "drivers":[$["modules":[["bttv"]]]], "unique_key":"123xyz"]]
Read	.probe.dvb []
Return	true
Dump	[$["name":"jmeno prvni", "unique_key":"klic"], $["module":["bttv"], "name":"jmeno druhe", "unique_key":"123xyz"]]
