Dir	.modules."alias": []
Return	[]
Dir	.modules."alias": ["eth0", "fb0", "midi"]
Return	[]
Dir	.modules."alias": ["char-major-81-0", "eth0", "fb0"]
Return	["char-major-81-0"]
Dir	.modules."alias": ["char-major-81-0", "char-major-81-1", "eth0", "midi"]
Return	["char-major-81-0", "char-major-81-1"]
