Dir	.modules."options": []
Return	$[]
Dir	.modules."options": []
Return	$[]
Dir	.modules."options": ["bttv"]
Read	.modules."options"."bttv" $["card":"2", "tuner":"5"]
Return	$["card":$[0:"2"], "tuner":$[0:"5"]]
Dir	.modules."options": ["bttv"]
Read	.modules."options"."bttv" $["blah":",y,", "card":",,3", "tuner":"a,b,c"]
Return	$["blah":$[0:"", 1:"y", 2:""], "card":$[0:"", 1:"", 2:"3"], "tuner":$[0:"a", 1:"b", 2:"c"]]
