Write	.modprobe_tv.options."bttv" $["card":"-1,3,2", "tuner":"a,b,c"] true
Write	.modprobe_tv.options."isa-pnp" $["isapnp_reset":"0"] true
Return	true
Write	.modprobe_tv.options."bttv" $["card":"-1,3,2", "tuner":"a,b,c"] true
Write	.modprobe_tv.options."isa-pnp" $["isapnp_reset":"0"] true
Return	true
Dir	.modprobe_tv.options: []
Write	.modprobe_tv.options."isa-pnp" $["isapnp_reset":"0"] true
Return	true
